
Allocating common symbols
Common symbol       size              file

interrupt_stacks    0x10              kernel/interrupt.o
thread_table        0x800             kernel/thread.o
open_sockets        0x700             net/socket.o
open_sockets_sem    0x4               net/socket.o
scheduler_current_thread
                    0x10              kernel/scheduler.o
thread_stack_areas  0x20000           kernel/thread.o
thread_table_slock  0x4               kernel/thread.o
network_interfaces  0x30              net/network.o

Discarded input sections

 .reginfo       0x0000000000000000       0x18 kernel/cswitch.o
 .reginfo       0x0000000000000000       0x18 kernel/_interrupt.o
 .reginfo       0x0000000000000000       0x18 kernel/_spinlock.o
 .reginfo       0x0000000000000000       0x18 kernel/idle.o
 .reginfo       0x0000000000000000       0x18 lib/rand.o
 .reginfo       0x0000000000000000       0x18 drivers/_timer.o
 .reginfo       0x0000000000000000       0x18 vm/_tlb.o
 .reginfo       0x0000000000000000       0x18 init/main.o
 .reginfo       0x0000000000000000       0x18 kernel/panic.o
 .reginfo       0x0000000000000000       0x18 kernel/kmalloc.o
 .reginfo       0x0000000000000000       0x18 kernel/interrupt.o
 .reginfo       0x0000000000000000       0x18 kernel/thread.o
 .reginfo       0x0000000000000000       0x18 kernel/scheduler.o
 .reginfo       0x0000000000000000       0x18 kernel/sleepq.o
 .reginfo       0x0000000000000000       0x18 kernel/semaphore.o
 .reginfo       0x0000000000000000       0x18 kernel/exception.o
 .reginfo       0x0000000000000000       0x18 kernel/halt.o
 .reginfo       0x0000000000000000       0x18 lib/libc.o
 .reginfo       0x0000000000000000       0x18 lib/xprintf.o
 .reginfo       0x0000000000000000       0x18 lib/bitmap.o
 .reginfo       0x0000000000000000       0x18 lib/debug.o
 .reginfo       0x0000000000000000       0x18 drivers/polltty.o
 .reginfo       0x0000000000000000       0x18 drivers/timer.o
 .reginfo       0x0000000000000000       0x18 drivers/bootargs.o
 .reginfo       0x0000000000000000       0x18 drivers/device.o
 .reginfo       0x0000000000000000       0x18 drivers/drivers.o
 .reginfo       0x0000000000000000       0x18 drivers/tty.o
 .reginfo       0x0000000000000000       0x18 drivers/disk.o
 .reginfo       0x0000000000000000       0x18 drivers/disksched.o
 .reginfo       0x0000000000000000       0x18 drivers/metadev.o
 .reginfo       0x0000000000000000       0x18 proc/exception.o
 .reginfo       0x0000000000000000       0x18 proc/elf.o
 .reginfo       0x0000000000000000       0x18 proc/process.o
 .reginfo       0x0000000000000000       0x18 proc/syscall.o
 .reginfo       0x0000000000000000       0x18 vm/vm.o
 .reginfo       0x0000000000000000       0x18 vm/pagepool.o
 .reginfo       0x0000000000000000       0x18 vm/tlb.o
 .reginfo       0x0000000000000000       0x18 fs/vfs.o
 .reginfo       0x0000000000000000       0x18 fs/tfs.o
 .reginfo       0x0000000000000000       0x18 fs/filesystems.o
 .reginfo       0x0000000000000000       0x18 net/network.o
 .reginfo       0x0000000000000000       0x18 net/protocols.o
 .reginfo       0x0000000000000000       0x18 net/socket.o
 .reginfo       0x0000000000000000       0x18 net/pop.o

Memory Configuration

Name             Origin             Length             Attributes
*default*        0x0000000000000000 0xffffffffffffffff

Linker script and memory map

                0x0000000080010000                . = 0x80010000

.text           0x0000000080010000     0x9314
 *(.text)
 .text          0x0000000080010000       0x60 init/_boot.o
                0x0000000080010000                _start
 .text          0x0000000080010060      0x350 kernel/cswitch.o
                0x0000000080010060                _cswitch_vector_code
                0x0000000080010080                _cswitch_switch
                0x0000000080010388                _cswitch_to_userland
 .text          0x00000000800103b0      0x120 kernel/_interrupt.o
                0x00000000800103b0                _interrupt_disable
                0x00000000800103cc                _interrupt_enable
                0x00000000800103e4                _interrupt_set_state
                0x0000000080010408                _interrupt_get_state
                0x0000000080010414                _interrupt_generate_sw0
                0x000000008001042c                _interrupt_clear_sw
                0x0000000080010444                _interrupt_clear_sw0
                0x000000008001045c                _interrupt_clear_sw1
                0x0000000080010474                _interrupt_clear_bootstrap
                0x0000000080010490                _interrupt_getcpu
                0x00000000800104a0                _interrupt_clear_EXL
                0x00000000800104b8                _interrupt_set_EXL
 .text          0x00000000800104d0       0x30 kernel/_spinlock.o
                0x00000000800104d0                spinlock_reset
                0x00000000800104d0                spinlock_release
                0x00000000800104dc                spinlock_acquire
 .text          0x0000000080010500        0xc kernel/idle.o
                0x0000000080010500                _idle_thread_wait_loop
 .text          0x000000008001050c       0x4c lib/rand.o
                0x000000008001050c                _set_rand_seed
                0x000000008001051c                _get_rand
 .text          0x0000000080010558       0x14 drivers/_timer.o
                0x0000000080010558                _timer_set_ticks
 .text          0x000000008001056c      0x15c vm/_tlb.o
                0x000000008001056c                _tlb_get_exception_state
                0x0000000080010590                _tlb_set_asid
                0x00000000800105b0                _tlb_get_maxindex
                0x00000000800105c4                _tlb_probe
                0x00000000800105dc                _tlb_read
                0x0000000080010640                _tlb_write
                0x00000000800106a4                _tlb_write_random
 .text          0x00000000800106c8      0x488 init/main.o
                0x00000000800106c8                init_startup_fallback
                0x0000000080010880                init_startup_thread
                0x000000008001092c                init
 .text          0x0000000080010b50       0x68 kernel/panic.o
                0x0000000080010b50                _kernel_panic
 .text          0x0000000080010bb8      0x258 kernel/kmalloc.o
                0x0000000080010bb8                kmalloc_get_numpages
                0x0000000080010c3c                kmalloc_get_reserved_pages
                0x0000000080010c64                kmalloc_disable
                0x0000000080010c74                kmalloc_init
                0x0000000080010cec                kmalloc
 .text          0x0000000080010e10      0x37c kernel/interrupt.o
                0x0000000080010e10                interrupt_init
                0x0000000080010f34                interrupt_register
                0x0000000080011044                interrupt_handle
 .text          0x000000008001118c      0x404 kernel/thread.o
                0x000000008001118c                thread_table_init
                0x000000008001122c                thread_create
                0x00000000800113c4                thread_run
                0x00000000800113cc                thread_switch
                0x00000000800113f8                thread_get_current_thread
                0x0000000080011448                thread_finish
                0x00000000800114fc                thread_get_current_thread_entry
                0x0000000080011558                thread_goto_userland
 .text          0x0000000080011590      0x330 kernel/scheduler.o
                0x0000000080011590                scheduler_init
                0x00000000800115ac                scheduler_add_to_ready_list
                0x0000000080011698                scheduler_add_ready
                0x0000000080011708                scheduler_schedule
 .text          0x00000000800118c0      0x48c kernel/sleepq.o
                0x00000000800118c0                sleepq_init
                0x00000000800118ec                sleepq_add
                0x0000000080011a44                sleepq_wake
                0x0000000080011bb4                sleepq_wake_all
 .text          0x0000000080011d4c      0x2a4 kernel/semaphore.o
                0x0000000080011d4c                semaphore_init
                0x0000000080011d94                semaphore_create
                0x0000000080011edc                semaphore_destroy
                0x0000000080011ee8                semaphore_P
                0x0000000080011f70                semaphore_V
 .text          0x0000000080011ff0      0x290 kernel/exception.o
                0x0000000080012028                kernel_exception_handle
 .text          0x0000000080012280       0x3c kernel/halt.o
                0x0000000080012280                halt_kernel
 .text          0x00000000800122bc      0x3d8 lib/libc.o
                0x00000000800122bc                kwrite
                0x0000000080012304                kread
                0x0000000080012378                stringcmp
                0x00000000800123e0                stringcopy
                0x000000008001247c                memcopy
                0x0000000080012548                memoryset
                0x0000000080012570                atoi
                0x0000000080012658                strlen
 .text          0x0000000080012694      0x8c0 lib/xprintf.o
                0x0000000080012de8                kvprintf
                0x0000000080012e70                kprintf
                0x0000000080012f00                vsnprintf
                0x0000000080012f24                snprintf
 .text          0x0000000080012f54      0x3b8 lib/bitmap.o
                0x0000000080012f54                bitmap_sizeof
                0x0000000080012f7c                bitmap_init
                0x0000000080013004                bitmap_get
                0x00000000800130d4                bitmap_set
                0x00000000800131f4                bitmap_findnset
 .text          0x000000008001330c       0x44 lib/debug.o
                0x000000008001330c                DEBUG
 .text          0x0000000080013350       0xec drivers/polltty.o
                0x0000000080013350                polltty_init
                0x00000000800133b4                polltty_getchar
                0x00000000800133f4                polltty_putchar
 .text          0x000000008001343c       0x34 drivers/timer.o
                0x000000008001343c                timer_set_ticks
 .text          0x0000000080013470      0x274 drivers/bootargs.o
                0x0000000080013470                bootargs_init
                0x000000008001364c                bootargs_get
 .text          0x00000000800136e4      0x1dc drivers/device.o
                0x00000000800136e4                device_init
                0x0000000080013860                device_get
 .text          0x00000000800138c0        0x0 drivers/drivers.o
 .text          0x00000000800138c0      0x7c0 drivers/tty.o
                0x00000000800138c0                tty_interrupt_handle
                0x0000000080013ec4                tty_init
 .text          0x0000000080014080      0x574 drivers/disk.o
                0x00000000800144c8                disk_init
 .text          0x00000000800145f4       0x3c drivers/disksched.o
                0x00000000800145f4                disksched_schedule
 .text          0x0000000080014630      0x484 drivers/metadev.o
                0x00000000800146bc                cpustatus_interrupt_handle
                0x0000000080014748                rtc_init
                0x00000000800147b8                rtc_get_msec
                0x00000000800147d0                rtc_get_clockspeed
                0x00000000800147e8                meminfo_init
                0x0000000080014858                meminfo_get_pages
                0x0000000080014870                cpustatus_init
                0x0000000080014910                cpustatus_count
                0x0000000080014958                cpustatus_generate_irq
                0x00000000800149d8                shutdown_init
                0x0000000080014a48                shutdown
 .text          0x0000000080014ab4      0x234 proc/exception.o
                0x0000000080014ab4                user_exception_handle
 .text          0x0000000080014ce8      0x22c proc/elf.o
                0x0000000080014ce8                elf_parse_header
 .text          0x0000000080014f14      0x594 proc/process.o
                0x0000000080014f14                process_start
 .text          0x00000000800154a8       0x74 proc/syscall.o
                0x00000000800154a8                syscall_handle
 .text          0x000000008001551c      0x550 vm/vm.o
                0x000000008001551c                vm_init
                0x0000000080015538                vm_create_pagetable
                0x0000000080015584                vm_destroy_pagetable
                0x0000000080015594                vm_map
                0x00000000800158c4                vm_unmap
                0x00000000800158cc                vm_set_dirty
 .text          0x0000000080015a6c      0x278 vm/pagepool.o
                0x0000000080015a6c                pagepool_init
                0x0000000080015b40                pagepool_get_phys_page
                0x0000000080015c0c                pagepool_free_phys_page
 .text          0x0000000080015ce4       0xd4 vm/tlb.o
                0x0000000080015ce4                tlb_modified_exception
                0x0000000080015cfc                tlb_load_exception
                0x0000000080015d14                tlb_store_exception
                0x0000000080015d2c                tlb_fill
 .text          0x0000000080015db8     0x117c fs/vfs.o
                0x0000000080016100                vfs_init
                0x00000000800161fc                vfs_deinit
                0x000000008001638c                vfs_mount
                0x0000000080016528                vfs_mount_fs
                0x0000000080016628                vfs_mount_all
                0x00000000800166b0                vfs_unmount
                0x0000000080016820                vfs_open
                0x00000000800169f0                vfs_close
                0x0000000080016a78                vfs_seek
                0x0000000080016b0c                vfs_read
                0x0000000080016bf4                vfs_write
                0x0000000080016cdc                vfs_create
                0x0000000080016dd0                vfs_remove
                0x0000000080016e90                vfs_getfree
 .text          0x0000000080016f34     0x1008 fs/tfs.o
                0x0000000080016f34                tfs_close
                0x0000000080016f3c                tfs_getfree
                0x0000000080017014                tfs_write
                0x0000000080017354                tfs_read
                0x00000000800175ec                tfs_open
                0x00000000800176f4                tfs_remove
                0x0000000080017970                tfs_create
                0x0000000080017ccc                tfs_unmount
                0x0000000080017d24                tfs_init
 .text          0x0000000080017f3c       0xb0 fs/filesystems.o
                0x0000000080017f3c                filesystems_try_all
 .text          0x0000000080017fec      0x5c4 net/network.o
                0x000000008001810c                network_init
                0x0000000080018280                network_get_source_address
                0x00000000800182b8                network_get_broadcast_address
                0x00000000800182c0                network_get_loopback_address
                0x00000000800182c8                network_get_mtu
                0x000000008001839c                network_send
                0x00000000800185a0                network_free_frame
 .text          0x00000000800185b0       0xb4 net/protocols.o
                0x00000000800185b0                protocols_get_frame_handler
                0x0000000080018608                protocols_init
 .text          0x0000000080018664      0x31c net/socket.o
                0x0000000080018664                socket_init
                0x0000000080018724                socket_open
                0x00000000800188d0                socket_close
 .text          0x0000000080018980      0x994 net/pop.o
                0x0000000080018c88                socket_sendto
                0x0000000080018e8c                socket_recvfrom
                0x0000000080018ff4                pop_init
                0x0000000080019148                pop_push_frame

.rodata         0x0000000080019314     0x15e4
 *(.rodata .rodata.*)
 .rodata.str1.4
                0x0000000080019314      0x491 init/main.o
                                        0x498 (size before relaxing)
 *fill*         0x00000000800197a5        0x3 
 .rodata.str1.4
                0x00000000800197a8       0x26 kernel/panic.o
                                         0x28 (size before relaxing)
 *fill*         0x00000000800197ce        0x2 
 .rodata.str1.4
                0x00000000800197d0      0x11f kernel/kmalloc.o
                                        0x120 (size before relaxing)
 *fill*         0x00000000800198ef        0x1 
 .rodata.str1.4
                0x00000000800198f0       0xea kernel/interrupt.o
                                         0xec (size before relaxing)
 *fill*         0x00000000800199da        0x2 
 .rodata.str1.4
                0x00000000800199dc       0x6b kernel/thread.o
                                         0x80 (size before relaxing)
 *fill*         0x0000000080019a47        0x1 
 .rodata.str1.4
                0x0000000080019a48       0x13 kernel/scheduler.o
                                         0x28 (size before relaxing)
 *fill*         0x0000000080019a5b        0x1 
 .rodata.str1.4
                0x0000000080019a5c       0x10 kernel/sleepq.o
                                         0x24 (size before relaxing)
 .rodata.str1.4
                0x0000000080019a6c       0x13 kernel/semaphore.o
                                         0x28 (size before relaxing)
 *fill*         0x0000000080019a7f        0x1 
 .rodata.str1.4
                0x0000000080019a80      0x26a kernel/exception.o
                                        0x26c (size before relaxing)
 *fill*         0x0000000080019cea        0x2 
 .rodata        0x0000000080019cec       0x38 kernel/exception.o
 .rodata.str1.4
                0x0000000080019d24       0x54 kernel/halt.o
 .rodata        0x0000000080019d78      0x10c lib/xprintf.o
 .rodata.str1.4
                0x0000000080019e84       0x2c lib/bitmap.o
                                         0x40 (size before relaxing)
 .rodata.str1.4
                0x0000000000000000       0x2c drivers/bootargs.o
                                          0x4 (size before relaxing)
 .rodata.str1.4
                0x0000000080019eb0       0xaa drivers/device.o
                                         0xac (size before relaxing)
 *fill*         0x0000000080019f5a        0x2 
 .rodata.str1.4
                0x0000000080019f5c       0x51 drivers/drivers.o
                                         0x54 (size before relaxing)
 *fill*         0x0000000080019fad        0x3 
 .rodata.str1.4
                0x0000000080019fb0       0x8e drivers/tty.o
                                         0x90 (size before relaxing)
 *fill*         0x000000008001a03e        0x2 
 .rodata.str1.4
                0x000000008001a040       0x93 drivers/disk.o
                                         0xa8 (size before relaxing)
 *fill*         0x000000008001a0d3        0x1 
 .rodata.str1.4
                0x000000008001a0d4      0x12c drivers/metadev.o
                                        0x140 (size before relaxing)
 .rodata.str1.4
                0x000000008001a200       0x11 proc/exception.o
                                        0x1d8 (size before relaxing)
 *fill*         0x000000008001a211        0x3 
 .rodata        0x000000008001a214       0x38 proc/exception.o
 .rodata.str1.4
                0x000000008001a24c       0x2d proc/process.o
                                         0x44 (size before relaxing)
 *fill*         0x000000008001a279        0x3 
 .rodata.str1.4
                0x000000008001a27c       0x27 proc/syscall.o
                                         0x28 (size before relaxing)
 *fill*         0x000000008001a2a3        0x1 
 .rodata.str1.4
                0x000000008001a2a4      0x100 vm/vm.o
                                        0x114 (size before relaxing)
 .rodata.str1.4
                0x000000008001a3a4       0x6a vm/pagepool.o
                                         0x80 (size before relaxing)
 *fill*         0x000000008001a40e        0x2 
 .rodata.str1.4
                0x000000008001a410       0x6e vm/tlb.o
                                         0x84 (size before relaxing)
 *fill*         0x000000008001a47e        0x2 
 .rodata.str1.4
                0x000000008001a480      0x2d1 fs/vfs.o
                                        0x2e8 (size before relaxing)
 *fill*         0x000000008001a751        0x3 
 .rodata.str1.4
                0x000000008001a754       0x92 fs/tfs.o
                                         0x94 (size before relaxing)
 *fill*         0x000000008001a7e6        0x2 
 .rodata.str1.4
                0x000000008001a7e8       0x2c fs/filesystems.o
 .rodata.str1.4
                0x000000008001a814       0x4e net/network.o
                                         0x64 (size before relaxing)
 *fill*         0x000000008001a862        0x2 
 .rodata.str1.4
                0x000000008001a864       0x3a net/socket.o
                                         0x50 (size before relaxing)
 *fill*         0x000000008001a89e        0x2 
 .rodata.str1.4
                0x000000008001a8a0       0x58 net/pop.o
                                         0x6c (size before relaxing)

.rel.dyn        0x000000008001a8f8        0x0
 .rel.dyn       0x0000000000000000        0x0 drivers/drivers.o

.data           0x000000008001a8f8       0x90
 *(.data)
 .data          0x000000008001a8f8        0x0 init/_boot.o
 .data          0x000000008001a8f8        0x0 kernel/cswitch.o
 .data          0x000000008001a8f8        0x0 kernel/_interrupt.o
 .data          0x000000008001a8f8        0x0 kernel/_spinlock.o
 .data          0x000000008001a8f8        0x0 kernel/idle.o
 .data          0x000000008001a8f8        0xc lib/rand.o
 .data          0x000000008001a904        0x0 drivers/_timer.o
 .data          0x000000008001a904        0x0 vm/_tlb.o
 .data          0x000000008001a904        0x0 init/main.o
 .data          0x000000008001a904        0x0 kernel/panic.o
 .data          0x000000008001a904        0x0 kernel/kmalloc.o
 .data          0x000000008001a904        0x0 kernel/interrupt.o
 .data          0x000000008001a904        0x0 kernel/thread.o
 .data          0x000000008001a904        0x8 kernel/scheduler.o
 .data          0x000000008001a90c        0x0 kernel/sleepq.o
 .data          0x000000008001a90c        0x0 kernel/semaphore.o
 .data          0x000000008001a90c        0x0 kernel/exception.o
 .data          0x000000008001a90c        0x0 kernel/halt.o
 .data          0x000000008001a90c        0x0 lib/libc.o
 .data          0x000000008001a90c        0x0 lib/xprintf.o
 .data          0x000000008001a90c        0x0 lib/bitmap.o
 .data          0x000000008001a90c        0x0 lib/debug.o
 .data          0x000000008001a90c        0x0 drivers/polltty.o
 .data          0x000000008001a90c        0x0 drivers/timer.o
 .data          0x000000008001a90c        0x0 drivers/bootargs.o
 .data          0x000000008001a90c        0x0 drivers/device.o
 .data          0x000000008001a90c       0x54 drivers/drivers.o
                0x000000008001a90c                drivers_available
 .data          0x000000008001a960        0x0 drivers/tty.o
 .data          0x000000008001a960        0x0 drivers/disk.o
 .data          0x000000008001a960        0x0 drivers/disksched.o
 .data          0x000000008001a960        0x0 drivers/metadev.o
 .data          0x000000008001a960        0x0 proc/exception.o
 .data          0x000000008001a960        0x0 proc/elf.o
 .data          0x000000008001a960        0x0 proc/process.o
 .data          0x000000008001a960        0x0 proc/syscall.o
 .data          0x000000008001a960        0x0 vm/vm.o
 .data          0x000000008001a960        0x0 vm/pagepool.o
 .data          0x000000008001a960        0x0 vm/tlb.o
 .data          0x000000008001a960        0x0 fs/vfs.o
 .data          0x000000008001a960        0x0 fs/tfs.o
 .data          0x000000008001a960       0x10 fs/filesystems.o
 .data          0x000000008001a970        0x0 net/network.o
 .data          0x000000008001a970       0x18 net/protocols.o
                0x000000008001a970                network_protocols
 .data          0x000000008001a988        0x0 net/socket.o
 .data          0x000000008001a988        0x0 net/pop.o

.bss            0x000000008001a988    0x23c30
 *(.bss COMMON)
 .bss           0x000000008001a988        0x0 init/_boot.o
 .bss           0x000000008001a988        0x0 kernel/cswitch.o
 .bss           0x000000008001a988        0x0 kernel/_interrupt.o
 .bss           0x000000008001a988        0x0 kernel/_spinlock.o
 .bss           0x000000008001a988        0x0 kernel/idle.o
 .bss           0x000000008001a988        0x0 lib/rand.o
 .bss           0x000000008001a988        0x0 drivers/_timer.o
 .bss           0x000000008001a988        0x0 vm/_tlb.o
 .bss           0x000000008001a988        0x4 init/main.o
                0x000000008001a988                kernel_bootstrap_finished
 .bss           0x000000008001a98c        0x0 kernel/panic.o
 .bss           0x000000008001a98c        0x8 kernel/kmalloc.o
 .bss           0x000000008001a994      0x600 kernel/interrupt.o
 COMMON         0x000000008001af94       0x10 kernel/interrupt.o
                0x000000008001af94                interrupt_stacks
 .bss           0x000000008001afa4        0x4 kernel/thread.o
 COMMON         0x000000008001afa8    0x20804 kernel/thread.o
                0x000000008001afa8                thread_table
                0x000000008001b7a8                thread_stack_areas
                0x000000008003b7a8                thread_table_slock
 .bss           0x000000008003b7ac        0x0 kernel/scheduler.o
 COMMON         0x000000008003b7ac       0x10 kernel/scheduler.o
                0x000000008003b7ac                scheduler_current_thread
 .bss           0x000000008003b7bc      0x200 kernel/sleepq.o
 .bss           0x000000008003b9bc      0x608 kernel/semaphore.o
 .bss           0x000000008003bfc4        0x0 kernel/exception.o
 .bss           0x000000008003bfc4        0x0 kernel/halt.o
 .bss           0x000000008003bfc4        0x0 lib/libc.o
 .bss           0x000000008003bfc4        0x4 lib/xprintf.o
                0x000000008003bfc4                kprintf_slock
 .bss           0x000000008003bfc8        0x0 lib/bitmap.o
 .bss           0x000000008003bfc8        0x0 lib/debug.o
 .bss           0x000000008003bfc8        0x4 drivers/polltty.o
 .bss           0x000000008003bfcc        0x0 drivers/timer.o
 .bss           0x000000008003bfcc      0x100 drivers/bootargs.o
 .bss           0x000000008003c0cc      0x204 drivers/device.o
 .bss           0x000000008003c2d0        0x0 drivers/drivers.o
 .bss           0x000000008003c2d0        0x4 drivers/tty.o
 .bss           0x000000008003c2d4        0x0 drivers/disk.o
 .bss           0x000000008003c2d4        0x0 drivers/disksched.o
 .bss           0x000000008003c2d4       0x48 drivers/metadev.o
 .bss           0x000000008003c31c        0x0 proc/exception.o
 .bss           0x000000008003c31c        0x0 proc/elf.o
 .bss           0x000000008003c31c        0x0 proc/process.o
 .bss           0x000000008003c31c        0x0 proc/syscall.o
 .bss           0x000000008003c31c        0x0 vm/vm.o
 .bss           0x000000008003c31c       0x14 vm/pagepool.o
 .bss           0x000000008003c330        0x0 vm/tlb.o
 .bss           0x000000008003c330     0x18b8 fs/vfs.o
 .bss           0x000000008003dbe8        0x0 fs/tfs.o
 .bss           0x000000008003dbe8        0x0 fs/filesystems.o
 .bss           0x000000008003dbe8        0x0 net/network.o
 COMMON         0x000000008003dbe8       0x30 net/network.o
                0x000000008003dbe8                network_interfaces
 .bss           0x000000008003dc18        0x0 net/protocols.o
 .bss           0x000000008003dc18        0x4 net/socket.o
 COMMON         0x000000008003dc1c      0x704 net/socket.o
                0x000000008003dc1c                open_sockets
                0x000000008003e31c                open_sockets_sem
 .bss           0x000000008003e320      0x298 net/pop.o
                0x000000008003e5b8                KERNEL_ENDS_HERE = .
LOAD init/_boot.o
LOAD kernel/cswitch.o
LOAD kernel/_interrupt.o
LOAD kernel/_spinlock.o
LOAD kernel/idle.o
LOAD lib/rand.o
LOAD drivers/_timer.o
LOAD vm/_tlb.o
LOAD init/main.o
LOAD kernel/panic.o
LOAD kernel/kmalloc.o
LOAD kernel/interrupt.o
LOAD kernel/thread.o
LOAD kernel/scheduler.o
LOAD kernel/sleepq.o
LOAD kernel/semaphore.o
LOAD kernel/exception.o
LOAD kernel/halt.o
LOAD lib/libc.o
LOAD lib/xprintf.o
LOAD lib/bitmap.o
LOAD lib/debug.o
LOAD drivers/polltty.o
LOAD drivers/timer.o
LOAD drivers/bootargs.o
LOAD drivers/device.o
LOAD drivers/drivers.o
LOAD drivers/tty.o
LOAD drivers/disk.o
LOAD drivers/disksched.o
LOAD drivers/metadev.o
LOAD proc/exception.o
LOAD proc/elf.o
LOAD proc/process.o
LOAD proc/syscall.o
LOAD vm/vm.o
LOAD vm/pagepool.o
LOAD vm/tlb.o
LOAD fs/vfs.o
LOAD fs/tfs.o
LOAD fs/filesystems.o
LOAD net/network.o
LOAD net/protocols.o
LOAD net/socket.o
LOAD net/pop.o
OUTPUT(buenos elf32-bigmips)

.reginfo        0x0000000000000000       0x18
 .reginfo       0x0000000000000000       0x18 init/_boot.o

.pdr            0x0000000000000000     0x1760
 .pdr           0x0000000000000000       0x40 init/_boot.o
 .pdr           0x0000000000000040       0xa0 kernel/cswitch.o
 .pdr           0x00000000000000e0      0x180 kernel/_interrupt.o
 .pdr           0x0000000000000260       0x40 kernel/_spinlock.o
 .pdr           0x00000000000002a0       0x20 kernel/idle.o
 .pdr           0x00000000000002c0       0x40 lib/rand.o
 .pdr           0x0000000000000300       0x20 drivers/_timer.o
 .pdr           0x0000000000000320       0xe0 vm/_tlb.o
 .pdr           0x0000000000000400       0x60 init/main.o
 .pdr           0x0000000000000460       0x20 kernel/panic.o
 .pdr           0x0000000000000480       0xa0 kernel/kmalloc.o
 .pdr           0x0000000000000520       0x60 kernel/interrupt.o
 .pdr           0x0000000000000580      0x100 kernel/thread.o
 .pdr           0x0000000000000680       0x80 kernel/scheduler.o
 .pdr           0x0000000000000700       0x80 kernel/sleepq.o
 .pdr           0x0000000000000780       0xa0 kernel/semaphore.o
 .pdr           0x0000000000000820       0x40 kernel/exception.o
 .pdr           0x0000000000000860       0x20 kernel/halt.o
 .pdr           0x0000000000000880      0x100 lib/libc.o
 .pdr           0x0000000000000980       0xe0 lib/xprintf.o
 .pdr           0x0000000000000a60       0xa0 lib/bitmap.o
 .pdr           0x0000000000000b00       0x20 lib/debug.o
 .pdr           0x0000000000000b20       0x60 drivers/polltty.o
 .pdr           0x0000000000000b80       0x20 drivers/timer.o
 .pdr           0x0000000000000ba0       0x40 drivers/bootargs.o
 .pdr           0x0000000000000be0       0x40 drivers/device.o
 .pdr           0x0000000000000c20        0x0 drivers/drivers.o
 .pdr           0x0000000000000c20       0x80 drivers/tty.o
 .pdr           0x0000000000000ca0      0x100 drivers/disk.o
 .pdr           0x0000000000000da0       0x20 drivers/disksched.o
 .pdr           0x0000000000000dc0      0x180 drivers/metadev.o
 .pdr           0x0000000000000f40       0x20 proc/exception.o
 .pdr           0x0000000000000f60       0x20 proc/elf.o
 .pdr           0x0000000000000f80       0x20 proc/process.o
 .pdr           0x0000000000000fa0       0x20 proc/syscall.o
 .pdr           0x0000000000000fc0       0xc0 vm/vm.o
 .pdr           0x0000000000001080       0x60 vm/pagepool.o
 .pdr           0x00000000000010e0       0x80 vm/tlb.o
 .pdr           0x0000000000001160      0x260 fs/vfs.o
 .pdr           0x00000000000013c0      0x120 fs/tfs.o
 .pdr           0x00000000000014e0       0x20 fs/filesystems.o
 .pdr           0x0000000000001500      0x120 net/network.o
 .pdr           0x0000000000001620       0x40 net/protocols.o
 .pdr           0x0000000000001660       0x60 net/socket.o
 .pdr           0x00000000000016c0       0xa0 net/pop.o

.mdebug.abi32   0x0000000000000000        0x0
 .mdebug.abi32  0x0000000000000000        0x0 init/main.o
 .mdebug.abi32  0x0000000000000000        0x0 kernel/panic.o
 .mdebug.abi32  0x0000000000000000        0x0 kernel/kmalloc.o
 .mdebug.abi32  0x0000000000000000        0x0 kernel/interrupt.o
 .mdebug.abi32  0x0000000000000000        0x0 kernel/thread.o
 .mdebug.abi32  0x0000000000000000        0x0 kernel/scheduler.o
 .mdebug.abi32  0x0000000000000000        0x0 kernel/sleepq.o
 .mdebug.abi32  0x0000000000000000        0x0 kernel/semaphore.o
 .mdebug.abi32  0x0000000000000000        0x0 kernel/exception.o
 .mdebug.abi32  0x0000000000000000        0x0 kernel/halt.o
 .mdebug.abi32  0x0000000000000000        0x0 lib/libc.o
 .mdebug.abi32  0x0000000000000000        0x0 lib/xprintf.o
 .mdebug.abi32  0x0000000000000000        0x0 lib/bitmap.o
 .mdebug.abi32  0x0000000000000000        0x0 lib/debug.o
 .mdebug.abi32  0x0000000000000000        0x0 drivers/polltty.o
 .mdebug.abi32  0x0000000000000000        0x0 drivers/timer.o
 .mdebug.abi32  0x0000000000000000        0x0 drivers/bootargs.o
 .mdebug.abi32  0x0000000000000000        0x0 drivers/device.o
 .mdebug.abi32  0x0000000000000000        0x0 drivers/drivers.o
 .mdebug.abi32  0x0000000000000000        0x0 drivers/tty.o
 .mdebug.abi32  0x0000000000000000        0x0 drivers/disk.o
 .mdebug.abi32  0x0000000000000000        0x0 drivers/disksched.o
 .mdebug.abi32  0x0000000000000000        0x0 drivers/metadev.o
 .mdebug.abi32  0x0000000000000000        0x0 proc/exception.o
 .mdebug.abi32  0x0000000000000000        0x0 proc/elf.o
 .mdebug.abi32  0x0000000000000000        0x0 proc/process.o
 .mdebug.abi32  0x0000000000000000        0x0 proc/syscall.o
 .mdebug.abi32  0x0000000000000000        0x0 vm/vm.o
 .mdebug.abi32  0x0000000000000000        0x0 vm/pagepool.o
 .mdebug.abi32  0x0000000000000000        0x0 vm/tlb.o
 .mdebug.abi32  0x0000000000000000        0x0 fs/vfs.o
 .mdebug.abi32  0x0000000000000000        0x0 fs/tfs.o
 .mdebug.abi32  0x0000000000000000        0x0 fs/filesystems.o
 .mdebug.abi32  0x0000000000000000        0x0 net/network.o
 .mdebug.abi32  0x0000000000000000        0x0 net/protocols.o
 .mdebug.abi32  0x0000000000000000        0x0 net/socket.o
 .mdebug.abi32  0x0000000000000000        0x0 net/pop.o

.comment        0x0000000000000000       0x11
 .comment       0x0000000000000000       0x11 init/main.o
                                         0x12 (size before relaxing)
 .comment       0x0000000000000000       0x12 kernel/panic.o
 .comment       0x0000000000000000       0x12 kernel/kmalloc.o
 .comment       0x0000000000000000       0x12 kernel/interrupt.o
 .comment       0x0000000000000000       0x12 kernel/thread.o
 .comment       0x0000000000000000       0x12 kernel/scheduler.o
 .comment       0x0000000000000000       0x12 kernel/sleepq.o
 .comment       0x0000000000000000       0x12 kernel/semaphore.o
 .comment       0x0000000000000000       0x12 kernel/exception.o
 .comment       0x0000000000000000       0x12 kernel/halt.o
 .comment       0x0000000000000000       0x12 lib/libc.o
 .comment       0x0000000000000000       0x12 lib/xprintf.o
 .comment       0x0000000000000000       0x12 lib/bitmap.o
 .comment       0x0000000000000000       0x12 lib/debug.o
 .comment       0x0000000000000000       0x12 drivers/polltty.o
 .comment       0x0000000000000000       0x12 drivers/timer.o
 .comment       0x0000000000000000       0x12 drivers/bootargs.o
 .comment       0x0000000000000000       0x12 drivers/device.o
 .comment       0x0000000000000000       0x12 drivers/drivers.o
 .comment       0x0000000000000000       0x12 drivers/tty.o
 .comment       0x0000000000000000       0x12 drivers/disk.o
 .comment       0x0000000000000000       0x12 drivers/disksched.o
 .comment       0x0000000000000000       0x12 drivers/metadev.o
 .comment       0x0000000000000000       0x12 proc/exception.o
 .comment       0x0000000000000000       0x12 proc/elf.o
 .comment       0x0000000000000000       0x12 proc/process.o
 .comment       0x0000000000000000       0x12 proc/syscall.o
 .comment       0x0000000000000000       0x12 vm/vm.o
 .comment       0x0000000000000000       0x12 vm/pagepool.o
 .comment       0x0000000000000000       0x12 vm/tlb.o
 .comment       0x0000000000000000       0x12 fs/vfs.o
 .comment       0x0000000000000000       0x12 fs/tfs.o
 .comment       0x0000000000000000       0x12 fs/filesystems.o
 .comment       0x0000000000000000       0x12 net/network.o
 .comment       0x0000000000000000       0x12 net/protocols.o
 .comment       0x0000000000000000       0x12 net/socket.o
 .comment       0x0000000000000000       0x12 net/pop.o

.gnu.attributes
                0x0000000000000000       0x10
 .gnu.attributes
                0x0000000000000000       0x10 init/main.o
 .gnu.attributes
                0x0000000000000010       0x10 kernel/panic.o
 .gnu.attributes
                0x0000000000000020       0x10 kernel/kmalloc.o
 .gnu.attributes
                0x0000000000000030       0x10 kernel/interrupt.o
 .gnu.attributes
                0x0000000000000040       0x10 kernel/thread.o
 .gnu.attributes
                0x0000000000000050       0x10 kernel/scheduler.o
 .gnu.attributes
                0x0000000000000060       0x10 kernel/sleepq.o
 .gnu.attributes
                0x0000000000000070       0x10 kernel/semaphore.o
 .gnu.attributes
                0x0000000000000080       0x10 kernel/exception.o
 .gnu.attributes
                0x0000000000000090       0x10 kernel/halt.o
 .gnu.attributes
                0x00000000000000a0       0x10 lib/libc.o
 .gnu.attributes
                0x00000000000000b0       0x10 lib/xprintf.o
 .gnu.attributes
                0x00000000000000c0       0x10 lib/bitmap.o
 .gnu.attributes
                0x00000000000000d0       0x10 lib/debug.o
 .gnu.attributes
                0x00000000000000e0       0x10 drivers/polltty.o
 .gnu.attributes
                0x00000000000000f0       0x10 drivers/timer.o
 .gnu.attributes
                0x0000000000000100       0x10 drivers/bootargs.o
 .gnu.attributes
                0x0000000000000110       0x10 drivers/device.o
 .gnu.attributes
                0x0000000000000120       0x10 drivers/drivers.o
 .gnu.attributes
                0x0000000000000130       0x10 drivers/tty.o
 .gnu.attributes
                0x0000000000000140       0x10 drivers/disk.o
 .gnu.attributes
                0x0000000000000150       0x10 drivers/disksched.o
 .gnu.attributes
                0x0000000000000160       0x10 drivers/metadev.o
 .gnu.attributes
                0x0000000000000170       0x10 proc/exception.o
 .gnu.attributes
                0x0000000000000180       0x10 proc/elf.o
 .gnu.attributes
                0x0000000000000190       0x10 proc/process.o
 .gnu.attributes
                0x00000000000001a0       0x10 proc/syscall.o
 .gnu.attributes
                0x00000000000001b0       0x10 vm/vm.o
 .gnu.attributes
                0x00000000000001c0       0x10 vm/pagepool.o
 .gnu.attributes
                0x00000000000001d0       0x10 vm/tlb.o
 .gnu.attributes
                0x00000000000001e0       0x10 fs/vfs.o
 .gnu.attributes
                0x00000000000001f0       0x10 fs/tfs.o
 .gnu.attributes
                0x0000000000000200       0x10 fs/filesystems.o
 .gnu.attributes
                0x0000000000000210       0x10 net/network.o
 .gnu.attributes
                0x0000000000000220       0x10 net/protocols.o
 .gnu.attributes
                0x0000000000000230       0x10 net/socket.o
 .gnu.attributes
                0x0000000000000240       0x10 net/pop.o

.stab           0x0000000000000000     0x1560
 .stab          0x0000000000000000       0xfc init/_boot.o
 .stab          0x00000000000000fc      0x9d8 kernel/cswitch.o
                                        0x9e4 (size before relaxing)
 .stab          0x0000000000000ad4      0x3f0 kernel/_interrupt.o
                                        0x3fc (size before relaxing)
 .stab          0x0000000000000ec4       0xb4 kernel/_spinlock.o
                                         0xc0 (size before relaxing)
 .stab          0x0000000000000f78       0x54 kernel/idle.o
                                         0x60 (size before relaxing)
 .stab          0x0000000000000fcc       0xe4 lib/rand.o
                                         0xf0 (size before relaxing)
 .stab          0x00000000000010b0       0x6c drivers/_timer.o
                                         0x78 (size before relaxing)
 .stab          0x000000000000111c      0x444 vm/_tlb.o
                                        0x450 (size before relaxing)

.stabstr        0x0000000000000000      0x3a9
 .stabstr       0x0000000000000000      0x3a9 init/_boot.o

.debug_info     0x0000000000000000     0xd95d
 .debug_info    0x0000000000000000      0xb1b init/main.o
 .debug_info    0x0000000000000b1b      0x180 kernel/panic.o
 .debug_info    0x0000000000000c9b      0x366 kernel/kmalloc.o
 .debug_info    0x0000000000001001      0x7d5 kernel/interrupt.o
 .debug_info    0x00000000000017d6      0x85e kernel/thread.o
 .debug_info    0x0000000000002034      0x69d kernel/scheduler.o
 .debug_info    0x00000000000026d1      0x798 kernel/sleepq.o
 .debug_info    0x0000000000002e69      0x49f kernel/semaphore.o
 .debug_info    0x0000000000003308      0x454 kernel/exception.o
 .debug_info    0x000000000000375c      0x11b kernel/halt.o
 .debug_info    0x0000000000003877      0x370 lib/libc.o
 .debug_info    0x0000000000003be7      0x86c lib/xprintf.o
 .debug_info    0x0000000000004453      0x34e lib/bitmap.o
 .debug_info    0x00000000000047a1      0x140 lib/debug.o
 .debug_info    0x00000000000048e1      0x1c6 drivers/polltty.o
 .debug_info    0x0000000000004aa7      0x10d drivers/timer.o
 .debug_info    0x0000000000004bb4      0x23f drivers/bootargs.o
 .debug_info    0x0000000000004df3      0x353 drivers/device.o
 .debug_info    0x0000000000005146      0x1e0 drivers/drivers.o
 .debug_info    0x0000000000005326      0x830 drivers/tty.o
 .debug_info    0x0000000000005b56      0xb22 drivers/disk.o
 .debug_info    0x0000000000006678      0x1c9 drivers/disksched.o
 .debug_info    0x0000000000006841      0x805 drivers/metadev.o
 .debug_info    0x0000000000007046      0x62c proc/exception.o
 .debug_info    0x0000000000007672      0x41c proc/elf.o
 .debug_info    0x0000000000007a8e      0xaf7 proc/process.o
 .debug_info    0x0000000000008585      0x17d proc/syscall.o
 .debug_info    0x0000000000008702      0x4ef vm/vm.o
 .debug_info    0x0000000000008bf1      0x4db vm/pagepool.o
 .debug_info    0x00000000000090cc      0x375 vm/tlb.o
 .debug_info    0x0000000000009441     0x15ab fs/vfs.o
 .debug_info    0x000000000000a9ec     0x1063 fs/tfs.o
 .debug_info    0x000000000000ba4f      0x55d fs/filesystems.o
 .debug_info    0x000000000000bfac      0xa54 net/network.o
 .debug_info    0x000000000000ca00      0x182 net/protocols.o
 .debug_info    0x000000000000cb82      0x3f8 net/socket.o
 .debug_info    0x000000000000cf7a      0x9e3 net/pop.o

.debug_abbrev   0x0000000000000000     0x4075
 .debug_abbrev  0x0000000000000000      0x1e1 init/main.o
 .debug_abbrev  0x00000000000001e1       0xf6 kernel/panic.o
 .debug_abbrev  0x00000000000002d7      0x1d8 kernel/kmalloc.o
 .debug_abbrev  0x00000000000004af      0x231 kernel/interrupt.o
 .debug_abbrev  0x00000000000006e0      0x2c6 kernel/thread.o
 .debug_abbrev  0x00000000000009a6      0x24e kernel/scheduler.o
 .debug_abbrev  0x0000000000000bf4      0x223 kernel/sleepq.o
 .debug_abbrev  0x0000000000000e17      0x1cd kernel/semaphore.o
 .debug_abbrev  0x0000000000000fe4      0x16a kernel/exception.o
 .debug_abbrev  0x000000000000114e       0xd6 kernel/halt.o
 .debug_abbrev  0x0000000000001224      0x161 lib/libc.o
 .debug_abbrev  0x0000000000001385      0x233 lib/xprintf.o
 .debug_abbrev  0x00000000000015b8      0x160 lib/bitmap.o
 .debug_abbrev  0x0000000000001718       0xde lib/debug.o
 .debug_abbrev  0x00000000000017f6       0xfb drivers/polltty.o
 .debug_abbrev  0x00000000000018f1       0xc8 drivers/timer.o
 .debug_abbrev  0x00000000000019b9      0x1ab drivers/bootargs.o
 .debug_abbrev  0x0000000000001b64      0x1d2 drivers/device.o
 .debug_abbrev  0x0000000000001d36       0xaa drivers/drivers.o
 .debug_abbrev  0x0000000000001de0      0x266 drivers/tty.o
 .debug_abbrev  0x0000000000002046      0x2eb drivers/disk.o
 .debug_abbrev  0x0000000000002331       0xd6 drivers/disksched.o
 .debug_abbrev  0x0000000000002407      0x270 drivers/metadev.o
 .debug_abbrev  0x0000000000002677      0x1a0 proc/exception.o
 .debug_abbrev  0x0000000000002817      0x15c proc/elf.o
 .debug_abbrev  0x0000000000002973      0x1ca proc/process.o
 .debug_abbrev  0x0000000000002b3d       0xfc proc/syscall.o
 .debug_abbrev  0x0000000000002c39      0x1ee vm/vm.o
 .debug_abbrev  0x0000000000002e27      0x178 vm/pagepool.o
 .debug_abbrev  0x0000000000002f9f      0x188 vm/tlb.o
 .debug_abbrev  0x0000000000003127      0x347 fs/vfs.o
 .debug_abbrev  0x000000000000346e      0x294 fs/tfs.o
 .debug_abbrev  0x0000000000003702      0x154 fs/filesystems.o
 .debug_abbrev  0x0000000000003856      0x37c net/network.o
 .debug_abbrev  0x0000000000003bd2       0xf3 net/protocols.o
 .debug_abbrev  0x0000000000003cc5      0x196 net/socket.o
 .debug_abbrev  0x0000000000003e5b      0x21a net/pop.o

.debug_loc      0x0000000000000000     0x6fe0
 .debug_loc     0x0000000000000000      0x158 init/main.o
 .debug_loc     0x0000000000000158       0xc3 kernel/panic.o
 .debug_loc     0x000000000000021b      0x157 kernel/kmalloc.o
 .debug_loc     0x0000000000000372      0x2a2 kernel/interrupt.o
 .debug_loc     0x0000000000000614      0x33f kernel/thread.o
 .debug_loc     0x0000000000000953      0x1e4 kernel/scheduler.o
 .debug_loc     0x0000000000000b37      0x362 kernel/sleepq.o
 .debug_loc     0x0000000000000e99      0x263 kernel/semaphore.o
 .debug_loc     0x00000000000010fc       0xc5 kernel/exception.o
 .debug_loc     0x00000000000011c1       0x2c kernel/halt.o
 .debug_loc     0x00000000000011ed      0x557 lib/libc.o
 .debug_loc     0x0000000000001744      0xd0d lib/xprintf.o
 .debug_loc     0x0000000000002451      0x61e lib/bitmap.o
 .debug_loc     0x0000000000002a6f       0x79 lib/debug.o
 .debug_loc     0x0000000000002ae8       0x4e drivers/polltty.o
 .debug_loc     0x0000000000002b36       0x76 drivers/timer.o
 .debug_loc     0x0000000000002bac      0x21e drivers/bootargs.o
 .debug_loc     0x0000000000002dca       0xf0 drivers/device.o
 .debug_loc     0x0000000000002eba      0x46d drivers/tty.o
 .debug_loc     0x0000000000003327      0x5cb drivers/disk.o
 .debug_loc     0x00000000000038f2      0x4be drivers/metadev.o
 .debug_loc     0x0000000000003db0       0x8e proc/exception.o
 .debug_loc     0x0000000000003e3e       0xd9 proc/elf.o
 .debug_loc     0x0000000000003f17      0x235 proc/process.o
 .debug_loc     0x000000000000414c       0x7c proc/syscall.o
 .debug_loc     0x00000000000041c8      0x31c vm/vm.o
 .debug_loc     0x00000000000044e4      0x18c vm/pagepool.o
 .debug_loc     0x0000000000004670       0x6e vm/tlb.o
 .debug_loc     0x00000000000046de      0xe25 fs/vfs.o
 .debug_loc     0x0000000000005503      0xb9a fs/tfs.o
 .debug_loc     0x000000000000609d       0xd3 fs/filesystems.o
 .debug_loc     0x0000000000006170      0x678 net/network.o
 .debug_loc     0x00000000000067e8       0x5c net/protocols.o
 .debug_loc     0x0000000000006844      0x1a0 net/socket.o
 .debug_loc     0x00000000000069e4      0x5fc net/pop.o

.debug_aranges  0x0000000000000000      0x498
 .debug_aranges
                0x0000000000000000       0x20 init/main.o
 .debug_aranges
                0x0000000000000020       0x20 kernel/panic.o
 .debug_aranges
                0x0000000000000040       0x20 kernel/kmalloc.o
 .debug_aranges
                0x0000000000000060       0x20 kernel/interrupt.o
 .debug_aranges
                0x0000000000000080       0x20 kernel/thread.o
 .debug_aranges
                0x00000000000000a0       0x20 kernel/scheduler.o
 .debug_aranges
                0x00000000000000c0       0x20 kernel/sleepq.o
 .debug_aranges
                0x00000000000000e0       0x20 kernel/semaphore.o
 .debug_aranges
                0x0000000000000100       0x20 kernel/exception.o
 .debug_aranges
                0x0000000000000120       0x20 kernel/halt.o
 .debug_aranges
                0x0000000000000140       0x20 lib/libc.o
 .debug_aranges
                0x0000000000000160       0x20 lib/xprintf.o
 .debug_aranges
                0x0000000000000180       0x20 lib/bitmap.o
 .debug_aranges
                0x00000000000001a0       0x20 lib/debug.o
 .debug_aranges
                0x00000000000001c0       0x20 drivers/polltty.o
 .debug_aranges
                0x00000000000001e0       0x20 drivers/timer.o
 .debug_aranges
                0x0000000000000200       0x20 drivers/bootargs.o
 .debug_aranges
                0x0000000000000220       0x20 drivers/device.o
 .debug_aranges
                0x0000000000000240       0x18 drivers/drivers.o
 .debug_aranges
                0x0000000000000258       0x20 drivers/tty.o
 .debug_aranges
                0x0000000000000278       0x20 drivers/disk.o
 .debug_aranges
                0x0000000000000298       0x20 drivers/disksched.o
 .debug_aranges
                0x00000000000002b8       0x20 drivers/metadev.o
 .debug_aranges
                0x00000000000002d8       0x20 proc/exception.o
 .debug_aranges
                0x00000000000002f8       0x20 proc/elf.o
 .debug_aranges
                0x0000000000000318       0x20 proc/process.o
 .debug_aranges
                0x0000000000000338       0x20 proc/syscall.o
 .debug_aranges
                0x0000000000000358       0x20 vm/vm.o
 .debug_aranges
                0x0000000000000378       0x20 vm/pagepool.o
 .debug_aranges
                0x0000000000000398       0x20 vm/tlb.o
 .debug_aranges
                0x00000000000003b8       0x20 fs/vfs.o
 .debug_aranges
                0x00000000000003d8       0x20 fs/tfs.o
 .debug_aranges
                0x00000000000003f8       0x20 fs/filesystems.o
 .debug_aranges
                0x0000000000000418       0x20 net/network.o
 .debug_aranges
                0x0000000000000438       0x20 net/protocols.o
 .debug_aranges
                0x0000000000000458       0x20 net/socket.o
 .debug_aranges
                0x0000000000000478       0x20 net/pop.o

.debug_ranges   0x0000000000000000      0x328
 .debug_ranges  0x0000000000000000       0x18 init/main.o
 .debug_ranges  0x0000000000000018       0x28 kernel/thread.o
 .debug_ranges  0x0000000000000040       0x40 kernel/scheduler.o
 .debug_ranges  0x0000000000000080       0x20 lib/bitmap.o
 .debug_ranges  0x00000000000000a0       0x18 drivers/bootargs.o
 .debug_ranges  0x00000000000000b8       0x40 drivers/device.o
 .debug_ranges  0x00000000000000f8       0x40 drivers/tty.o
 .debug_ranges  0x0000000000000138       0x40 drivers/disk.o
 .debug_ranges  0x0000000000000178       0x50 fs/vfs.o
 .debug_ranges  0x00000000000001c8      0x140 net/network.o
 .debug_ranges  0x0000000000000308       0x20 net/socket.o

.debug_line     0x0000000000000000     0x336a
 .debug_line    0x0000000000000000      0x1fe init/main.o
 .debug_line    0x00000000000001fe       0x90 kernel/panic.o
 .debug_line    0x000000000000028e       0xe5 kernel/kmalloc.o
 .debug_line    0x0000000000000373      0x1bb kernel/interrupt.o
 .debug_line    0x000000000000052e      0x1d9 kernel/thread.o
 .debug_line    0x0000000000000707      0x17a kernel/scheduler.o
 .debug_line    0x0000000000000881      0x1b5 kernel/sleepq.o
 .debug_line    0x0000000000000a36      0x11e kernel/semaphore.o
 .debug_line    0x0000000000000b54       0xd7 kernel/exception.o
 .debug_line    0x0000000000000c2b       0x84 kernel/halt.o
 .debug_line    0x0000000000000caf      0x1ac lib/libc.o
 .debug_line    0x0000000000000e5b      0x263 lib/xprintf.o
 .debug_line    0x00000000000010be      0x134 lib/bitmap.o
 .debug_line    0x00000000000011f2       0x9b lib/debug.o
 .debug_line    0x000000000000128d       0x95 drivers/polltty.o
 .debug_line    0x0000000000001322       0x6e drivers/timer.o
 .debug_line    0x0000000000001390      0x106 drivers/bootargs.o
 .debug_line    0x0000000000001496       0xe1 drivers/device.o
 .debug_line    0x0000000000001577       0x70 drivers/drivers.o
 .debug_line    0x00000000000015e7      0x1fa drivers/tty.o
 .debug_line    0x00000000000017e1      0x1fa drivers/disk.o
 .debug_line    0x00000000000019db       0x9f drivers/disksched.o
 .debug_line    0x0000000000001a7a      0x185 drivers/metadev.o
 .debug_line    0x0000000000001bff       0xfb proc/exception.o
 .debug_line    0x0000000000001cfa       0xdc proc/elf.o
 .debug_line    0x0000000000001dd6      0x228 proc/process.o
 .debug_line    0x0000000000001ffe       0x96 proc/syscall.o
 .debug_line    0x0000000000002094      0x17c vm/vm.o
 .debug_line    0x0000000000002210      0x114 vm/pagepool.o
 .debug_line    0x0000000000002324       0x95 vm/tlb.o
 .debug_line    0x00000000000023b9      0x3ac fs/vfs.o
 .debug_line    0x0000000000002765      0x40b fs/tfs.o
 .debug_line    0x0000000000002b70       0xe4 fs/filesystems.o
 .debug_line    0x0000000000002c54      0x20e net/network.o
 .debug_line    0x0000000000002e62       0x90 net/protocols.o
 .debug_line    0x0000000000002ef2      0x177 net/socket.o
 .debug_line    0x0000000000003069      0x301 net/pop.o

.debug_str      0x0000000000000000     0x1a86
 .debug_str     0x0000000000000000      0x2f4 init/main.o
                                        0x35b (size before relaxing)
 .debug_str     0x00000000000002f4       0x45 kernel/panic.o
                                        0x11f (size before relaxing)
 .debug_str     0x0000000000000339       0xb4 kernel/kmalloc.o
                                        0x1c5 (size before relaxing)
 .debug_str     0x00000000000003ed      0x23d kernel/interrupt.o
                                        0x3df (size before relaxing)
 .debug_str     0x000000000000062a      0x13a kernel/thread.o
                                        0x415 (size before relaxing)
 .debug_str     0x0000000000000764       0x72 kernel/scheduler.o
                                        0x3ae (size before relaxing)
 .debug_str     0x00000000000007d6       0x8e kernel/sleepq.o
                                        0x38d (size before relaxing)
 .debug_str     0x0000000000000864       0x8f kernel/semaphore.o
                                        0x228 (size before relaxing)
 .debug_str     0x00000000000008f3       0xa3 kernel/exception.o
                                        0x1b2 (size before relaxing)
 .debug_str     0x0000000000000996       0x19 kernel/halt.o
                                         0xd9 (size before relaxing)
 .debug_str     0x00000000000009af       0x74 lib/libc.o
                                        0x143 (size before relaxing)
 .debug_str     0x0000000000000a23       0x9d lib/xprintf.o
                                        0x1f7 (size before relaxing)
 .debug_str     0x0000000000000ac0       0x6e lib/bitmap.o
                                        0x121 (size before relaxing)
 .debug_str     0x0000000000000b2e       0x27 lib/debug.o
                                         0xfd (size before relaxing)
 .debug_str     0x0000000000000b55       0x3c drivers/polltty.o
                                        0x15c (size before relaxing)
 .debug_str     0x0000000000000b91       0x21 drivers/timer.o
                                        0x121 (size before relaxing)
 .debug_str     0x0000000000000bb2       0x5c drivers/bootargs.o
                                        0x134 (size before relaxing)
 .debug_str     0x0000000000000c0e       0x74 drivers/device.o
                                        0x1bd (size before relaxing)
 .debug_str     0x0000000000000c82       0x12 drivers/drivers.o
                                        0x16d (size before relaxing)
 .debug_str     0x0000000000000c94       0xa4 drivers/tty.o
                                        0x30b (size before relaxing)
 .debug_str     0x0000000000000d38      0x195 drivers/disk.o
                                        0x433 (size before relaxing)
 .debug_str     0x0000000000000ecd       0x14 drivers/disksched.o
                                        0x18c (size before relaxing)
 .debug_str     0x0000000000000ee1      0x121 drivers/metadev.o
                                        0x35b (size before relaxing)
 .debug_str     0x0000000000001002       0x3f proc/exception.o
                                        0x2e3 (size before relaxing)
 .debug_str     0x0000000000001041      0x1a5 proc/elf.o
                                        0x257 (size before relaxing)
 .debug_str     0x00000000000011e6       0x81 proc/process.o
                                        0x3fb (size before relaxing)
 .debug_str     0x0000000000001267        0xf proc/syscall.o
                                        0x10f (size before relaxing)
 .debug_str     0x0000000000001276       0x55 vm/vm.o
                                        0x1f3 (size before relaxing)
 .debug_str     0x00000000000012cb       0x70 vm/pagepool.o
                                        0x282 (size before relaxing)
 .debug_str     0x000000000000133b       0x60 vm/tlb.o
                                        0x19e (size before relaxing)
 .debug_str     0x000000000000139b      0x1b9 fs/vfs.o
                                        0x4dc (size before relaxing)
 .debug_str     0x0000000000001554       0xd2 fs/tfs.o
                                        0x45e (size before relaxing)
 .debug_str     0x0000000000001626       0x34 fs/filesystems.o
                                        0x2da (size before relaxing)
 .debug_str     0x000000000000165a      0x222 net/network.o
                                        0x41a (size before relaxing)
 .debug_str     0x000000000000187c       0x36 net/protocols.o
                                        0x145 (size before relaxing)
 .debug_str     0x00000000000018b2       0xa1 net/socket.o
                                        0x204 (size before relaxing)
 .debug_str     0x0000000000001953      0x133 net/pop.o
                                        0x398 (size before relaxing)

.debug_frame    0x0000000000000000     0x1868
 .debug_frame   0x0000000000000000       0x88 init/main.o
 .debug_frame   0x0000000000000088       0x38 kernel/panic.o
 .debug_frame   0x00000000000000c0       0x9c kernel/kmalloc.o
 .debug_frame   0x000000000000015c       0x9c kernel/interrupt.o
 .debug_frame   0x00000000000001f8      0x120 kernel/thread.o
 .debug_frame   0x0000000000000318       0xa4 kernel/scheduler.o
 .debug_frame   0x00000000000003bc       0xc8 kernel/sleepq.o
 .debug_frame   0x0000000000000484       0xc8 kernel/semaphore.o
 .debug_frame   0x000000000000054c       0x50 kernel/exception.o
 .debug_frame   0x000000000000059c       0x2c kernel/halt.o
 .debug_frame   0x00000000000005c8       0xb8 lib/libc.o
 .debug_frame   0x0000000000000680      0x118 lib/xprintf.o
 .debug_frame   0x0000000000000798       0xe4 lib/bitmap.o
 .debug_frame   0x000000000000087c       0x30 lib/debug.o
 .debug_frame   0x00000000000008ac       0x40 drivers/polltty.o
 .debug_frame   0x00000000000008ec       0x30 drivers/timer.o
 .debug_frame   0x000000000000091c       0x4c drivers/bootargs.o
 .debug_frame   0x0000000000000968       0x54 drivers/device.o
 .debug_frame   0x00000000000009bc       0xd4 drivers/tty.o
 .debug_frame   0x0000000000000a90      0x144 drivers/disk.o
 .debug_frame   0x0000000000000bd4       0x20 drivers/disksched.o
 .debug_frame   0x0000000000000bf4      0x17c drivers/metadev.o
 .debug_frame   0x0000000000000d70       0x34 proc/exception.o
 .debug_frame   0x0000000000000da4       0x48 proc/elf.o
 .debug_frame   0x0000000000000dec       0x44 proc/process.o
 .debug_frame   0x0000000000000e30       0x34 proc/syscall.o
 .debug_frame   0x0000000000000e64       0xf0 vm/vm.o
 .debug_frame   0x0000000000000f54       0x8c vm/pagepool.o
 .debug_frame   0x0000000000000fe0       0x6c vm/tlb.o
 .debug_frame   0x000000000000104c      0x33c fs/vfs.o
 .debug_frame   0x0000000000001388      0x1bc fs/tfs.o
 .debug_frame   0x0000000000001544       0x40 fs/filesystems.o
 .debug_frame   0x0000000000001584      0x110 net/network.o
 .debug_frame   0x0000000000001694       0x40 net/protocols.o
 .debug_frame   0x00000000000016d4       0x98 net/socket.o
 .debug_frame   0x000000000000176c       0xfc net/pop.o

Cross Reference Table

Symbol                                            File
DEBUG                                             lib/debug.o
                                                  init/main.o
KERNEL_ENDS_HERE                                  kernel/kmalloc.o
_cswitch_switch                                   kernel/cswitch.o
_cswitch_to_userland                              kernel/cswitch.o
                                                  kernel/thread.o
_cswitch_vector_code                              kernel/cswitch.o
                                                  kernel/interrupt.o
_get_rand                                         lib/rand.o
                                                  kernel/scheduler.o
_idle_thread_wait_loop                            kernel/idle.o
                                                  kernel/thread.o
                                                  init/_boot.o
_interrupt_clear_EXL                              kernel/_interrupt.o
                                                  proc/exception.o
                                                  kernel/exception.o
_interrupt_clear_bootstrap                        kernel/_interrupt.o
                                                  init/main.o
                                                  init/_boot.o
_interrupt_clear_sw                               kernel/_interrupt.o
_interrupt_clear_sw0                              kernel/_interrupt.o
                                                  kernel/interrupt.o
_interrupt_clear_sw1                              kernel/_interrupt.o
_interrupt_disable                                kernel/_interrupt.o
                                                  vm/pagepool.o
                                                  proc/process.o
                                                  proc/exception.o
                                                  drivers/metadev.o
                                                  drivers/disk.o
                                                  drivers/tty.o
                                                  drivers/timer.o
                                                  lib/xprintf.o
                                                  kernel/exception.o
                                                  kernel/semaphore.o
                                                  kernel/sleepq.o
                                                  kernel/scheduler.o
                                                  kernel/thread.o
                                                  kernel/panic.o
_interrupt_enable                                 kernel/_interrupt.o
                                                  proc/exception.o
                                                  kernel/thread.o
                                                  init/main.o
                                                  init/_boot.o
_interrupt_generate_sw0                           kernel/_interrupt.o
                                                  kernel/thread.o
                                                  init/_boot.o
_interrupt_get_state                              kernel/_interrupt.o
                                                  kernel/sleepq.o
_interrupt_getcpu                                 kernel/_interrupt.o
                                                  drivers/metadev.o
                                                  kernel/scheduler.o
                                                  kernel/thread.o
                                                  kernel/interrupt.o
                                                  kernel/panic.o
_interrupt_set_EXL                                kernel/_interrupt.o
                                                  proc/exception.o
                                                  kernel/exception.o
_interrupt_set_state                              kernel/_interrupt.o
                                                  vm/pagepool.o
                                                  proc/process.o
                                                  drivers/metadev.o
                                                  drivers/disk.o
                                                  drivers/tty.o
                                                  drivers/timer.o
                                                  lib/xprintf.o
                                                  kernel/exception.o
                                                  kernel/semaphore.o
                                                  kernel/sleepq.o
                                                  kernel/scheduler.o
                                                  kernel/thread.o
_kernel_panic                                     kernel/panic.o
                                                  net/pop.o
                                                  net/socket.o
                                                  net/network.o
                                                  fs/vfs.o
                                                  vm/tlb.o
                                                  vm/pagepool.o
                                                  vm/vm.o
                                                  proc/syscall.o
                                                  proc/process.o
                                                  proc/exception.o
                                                  drivers/metadev.o
                                                  drivers/disk.o
                                                  drivers/tty.o
                                                  lib/bitmap.o
                                                  kernel/exception.o
                                                  kernel/semaphore.o
                                                  kernel/sleepq.o
                                                  kernel/scheduler.o
                                                  kernel/thread.o
                                                  kernel/interrupt.o
                                                  kernel/kmalloc.o
                                                  init/main.o
_set_rand_seed                                    lib/rand.o
                                                  init/main.o
_start                                            init/_boot.o
_timer_set_ticks                                  drivers/_timer.o
                                                  drivers/timer.o
_tlb_get_exception_state                          vm/_tlb.o
                                                  kernel/exception.o
_tlb_get_maxindex                                 vm/_tlb.o
                                                  vm/tlb.o
                                                  proc/process.o
_tlb_probe                                        vm/_tlb.o
_tlb_read                                         vm/_tlb.o
_tlb_set_asid                                     vm/_tlb.o
                                                  vm/tlb.o
_tlb_write                                        vm/_tlb.o
                                                  vm/tlb.o
_tlb_write_random                                 vm/_tlb.o
atoi                                              lib/libc.o
                                                  init/main.o
bitmap_findnset                                   lib/bitmap.o
                                                  fs/tfs.o
                                                  vm/pagepool.o
bitmap_get                                        lib/bitmap.o
                                                  fs/tfs.o
                                                  vm/pagepool.o
bitmap_init                                       lib/bitmap.o
                                                  vm/pagepool.o
bitmap_set                                        lib/bitmap.o
                                                  fs/tfs.o
                                                  vm/pagepool.o
bitmap_sizeof                                     lib/bitmap.o
                                                  vm/pagepool.o
bootargs_get                                      drivers/bootargs.o
                                                  lib/debug.o
                                                  init/main.o
bootargs_init                                     drivers/bootargs.o
                                                  init/main.o
cpustatus_count                                   drivers/metadev.o
                                                  init/main.o
cpustatus_generate_irq                            drivers/metadev.o
cpustatus_init                                    drivers/metadev.o
                                                  drivers/drivers.o
cpustatus_interrupt_handle                        drivers/metadev.o
device_get                                        drivers/device.o
                                                  net/network.o
                                                  fs/vfs.o
                                                  init/main.o
device_init                                       drivers/device.o
                                                  init/main.o
disk_init                                         drivers/disk.o
                                                  drivers/drivers.o
disksched_schedule                                drivers/disksched.o
                                                  drivers/disk.o
drivers_available                                 drivers/drivers.o
                                                  drivers/device.o
elf_parse_header                                  proc/elf.o
                                                  proc/process.o
filesystems_try_all                               fs/filesystems.o
                                                  fs/vfs.o
halt_kernel                                       kernel/halt.o
                                                  proc/syscall.o
                                                  init/main.o
init                                              init/main.o
                                                  init/_boot.o
init_startup_fallback                             init/main.o
init_startup_thread                               init/main.o
interrupt_handle                                  kernel/interrupt.o
                                                  kernel/cswitch.o
interrupt_init                                    kernel/interrupt.o
                                                  init/main.o
interrupt_register                                kernel/interrupt.o
                                                  drivers/metadev.o
                                                  drivers/disk.o
                                                  drivers/tty.o
interrupt_stacks                                  kernel/interrupt.o
                                                  kernel/cswitch.o
kernel_bootstrap_finished                         init/main.o
                                                  init/_boot.o
kernel_exception_handle                           kernel/exception.o
                                                  kernel/cswitch.o
kmalloc                                           kernel/kmalloc.o
                                                  vm/pagepool.o
                                                  drivers/metadev.o
                                                  drivers/disk.o
                                                  drivers/tty.o
                                                  drivers/bootargs.o
                                                  kernel/interrupt.o
kmalloc_disable                                   kernel/kmalloc.o
                                                  vm/vm.o
kmalloc_get_numpages                              kernel/kmalloc.o
                                                  vm/pagepool.o
kmalloc_get_reserved_pages                        kernel/kmalloc.o
                                                  vm/pagepool.o
kmalloc_init                                      kernel/kmalloc.o
                                                  init/main.o
kprintf                                           lib/xprintf.o
                                                  net/network.o
                                                  fs/filesystems.o
                                                  fs/tfs.o
                                                  fs/vfs.o
                                                  vm/pagepool.o
                                                  vm/vm.o
                                                  drivers/metadev.o
                                                  drivers/disk.o
                                                  drivers/device.o
                                                  kernel/halt.o
                                                  kernel/exception.o
                                                  kernel/interrupt.o
                                                  kernel/kmalloc.o
                                                  kernel/panic.o
                                                  init/main.o
kprintf_slock                                     lib/xprintf.o
                                                  drivers/tty.o
kread                                             lib/libc.o
kvprintf                                          lib/xprintf.o
                                                  lib/debug.o
kwrite                                            lib/libc.o
                                                  init/main.o
memcopy                                           lib/libc.o
                                                  net/pop.o
                                                  net/network.o
                                                  fs/tfs.o
meminfo_get_pages                                 drivers/metadev.o
meminfo_init                                      drivers/metadev.o
                                                  drivers/drivers.o
memoryset                                         lib/libc.o
                                                  fs/tfs.o
                                                  proc/process.o
                                                  proc/elf.o
network_free_frame                                net/network.o
                                                  net/pop.o
network_get_broadcast_address                     net/network.o
network_get_loopback_address                      net/network.o
network_get_mtu                                   net/network.o
                                                  net/pop.o
network_get_source_address                        net/network.o
network_init                                      net/network.o
                                                  init/main.o
network_interfaces                                net/network.o
network_protocols                                 net/protocols.o
network_send                                      net/network.o
                                                  net/pop.o
open_sockets                                      net/pop.o
                                                  net/socket.o
open_sockets_sem                                  net/pop.o
                                                  net/socket.o
pagepool_free_phys_page                           vm/pagepool.o
                                                  net/network.o
                                                  fs/tfs.o
                                                  vm/vm.o
pagepool_get_phys_page                            vm/pagepool.o
                                                  net/pop.o
                                                  net/network.o
                                                  fs/tfs.o
                                                  vm/vm.o
                                                  proc/process.o
pagepool_init                                     vm/pagepool.o
                                                  vm/vm.o
polltty_getchar                                   drivers/polltty.o
                                                  lib/libc.o
polltty_init                                      drivers/polltty.o
                                                  init/main.o
polltty_putchar                                   drivers/polltty.o
                                                  lib/xprintf.o
                                                  lib/libc.o
pop_init                                          net/pop.o
                                                  net/protocols.o
pop_push_frame                                    net/pop.o
                                                  net/protocols.o
process_start                                     proc/process.o
                                                  init/main.o
protocols_get_frame_handler                       net/protocols.o
                                                  net/network.o
protocols_init                                    net/protocols.o
                                                  net/network.o
rtc_get_clockspeed                                drivers/metadev.o
rtc_get_msec                                      drivers/metadev.o
                                                  net/pop.o
rtc_init                                          drivers/metadev.o
                                                  drivers/drivers.o
scheduler_add_ready                               kernel/scheduler.o
                                                  kernel/thread.o
scheduler_add_to_ready_list                       kernel/scheduler.o
                                                  kernel/sleepq.o
scheduler_current_thread                          kernel/scheduler.o
                                                  kernel/thread.o
                                                  kernel/interrupt.o
                                                  kernel/cswitch.o
scheduler_init                                    kernel/scheduler.o
                                                  init/main.o
scheduler_schedule                                kernel/scheduler.o
                                                  kernel/interrupt.o
semaphore_P                                       kernel/semaphore.o
                                                  net/pop.o
                                                  net/socket.o
                                                  fs/tfs.o
                                                  fs/vfs.o
                                                  drivers/disk.o
semaphore_V                                       kernel/semaphore.o
                                                  net/pop.o
                                                  net/socket.o
                                                  fs/tfs.o
                                                  fs/vfs.o
                                                  drivers/disk.o
semaphore_create                                  kernel/semaphore.o
                                                  net/pop.o
                                                  net/socket.o
                                                  fs/tfs.o
                                                  fs/vfs.o
                                                  drivers/disk.o
semaphore_destroy                                 kernel/semaphore.o
                                                  net/socket.o
                                                  fs/tfs.o
                                                  drivers/disk.o
semaphore_init                                    kernel/semaphore.o
                                                  init/main.o
shutdown                                          drivers/metadev.o
                                                  kernel/halt.o
                                                  kernel/panic.o
shutdown_init                                     drivers/metadev.o
                                                  drivers/drivers.o
sleepq_add                                        kernel/sleepq.o
                                                  drivers/tty.o
                                                  kernel/semaphore.o
sleepq_init                                       kernel/sleepq.o
                                                  init/main.o
sleepq_wake                                       kernel/sleepq.o
                                                  kernel/semaphore.o
sleepq_wake_all                                   kernel/sleepq.o
                                                  drivers/tty.o
snprintf                                          lib/xprintf.o
                                                  init/main.o
socket_close                                      net/socket.o
socket_init                                       net/socket.o
                                                  net/network.o
socket_open                                       net/socket.o
socket_recvfrom                                   net/pop.o
socket_sendto                                     net/pop.o
spinlock_acquire                                  kernel/_spinlock.o
                                                  vm/pagepool.o
                                                  drivers/metadev.o
                                                  drivers/disk.o
                                                  drivers/tty.o
                                                  lib/xprintf.o
                                                  kernel/semaphore.o
                                                  kernel/sleepq.o
                                                  kernel/scheduler.o
                                                  kernel/thread.o
spinlock_release                                  kernel/_spinlock.o
                                                  vm/pagepool.o
                                                  drivers/metadev.o
                                                  drivers/disk.o
                                                  drivers/tty.o
                                                  lib/xprintf.o
                                                  kernel/semaphore.o
                                                  kernel/sleepq.o
                                                  kernel/scheduler.o
                                                  kernel/thread.o
spinlock_reset                                    kernel/_spinlock.o
                                                  vm/pagepool.o
                                                  drivers/metadev.o
                                                  drivers/disk.o
                                                  drivers/tty.o
                                                  kernel/semaphore.o
                                                  kernel/sleepq.o
                                                  kernel/thread.o
stringcmp                                         lib/libc.o
                                                  fs/tfs.o
                                                  fs/vfs.o
stringcopy                                        lib/libc.o
                                                  fs/tfs.o
                                                  fs/vfs.o
strlen                                            lib/libc.o
                                                  drivers/bootargs.o
syscall_handle                                    proc/syscall.o
                                                  proc/exception.o
tfs_close                                         fs/tfs.o
tfs_create                                        fs/tfs.o
tfs_getfree                                       fs/tfs.o
tfs_init                                          fs/tfs.o
                                                  fs/filesystems.o
tfs_open                                          fs/tfs.o
tfs_read                                          fs/tfs.o
tfs_remove                                        fs/tfs.o
tfs_unmount                                       fs/tfs.o
tfs_write                                         fs/tfs.o
thread_create                                     kernel/thread.o
                                                  net/pop.o
                                                  net/network.o
                                                  init/main.o
thread_finish                                     kernel/thread.o
thread_get_current_thread                         kernel/thread.o
                                                  proc/process.o
                                                  kernel/semaphore.o
                                                  kernel/sleepq.o
thread_get_current_thread_entry                   kernel/thread.o
                                                  proc/process.o
                                                  proc/exception.o
                                                  kernel/interrupt.o
thread_goto_userland                              kernel/thread.o
                                                  proc/process.o
thread_run                                        kernel/thread.o
                                                  net/pop.o
                                                  net/network.o
                                                  init/main.o
thread_stack_areas                                kernel/thread.o
thread_switch                                     kernel/thread.o
                                                  drivers/tty.o
                                                  kernel/semaphore.o
                                                  init/main.o
thread_table                                      kernel/sleepq.o
                                                  kernel/scheduler.o
                                                  kernel/thread.o
                                                  kernel/cswitch.o
thread_table_init                                 kernel/thread.o
                                                  init/main.o
thread_table_slock                                kernel/sleepq.o
                                                  kernel/scheduler.o
                                                  kernel/thread.o
timer_set_ticks                                   drivers/timer.o
                                                  kernel/scheduler.o
tlb_fill                                          vm/tlb.o
                                                  proc/process.o
                                                  kernel/interrupt.o
tlb_load_exception                                vm/tlb.o
tlb_modified_exception                            vm/tlb.o
tlb_store_exception                               vm/tlb.o
tty_init                                          drivers/tty.o
                                                  drivers/drivers.o
tty_interrupt_handle                              drivers/tty.o
user_exception_handle                             proc/exception.o
                                                  kernel/cswitch.o
vfs_close                                         fs/vfs.o
vfs_create                                        fs/vfs.o
vfs_deinit                                        fs/vfs.o
                                                  kernel/halt.o
vfs_getfree                                       fs/vfs.o
vfs_init                                          fs/vfs.o
                                                  init/main.o
vfs_mount                                         fs/vfs.o
vfs_mount_all                                     fs/vfs.o
                                                  init/main.o
vfs_mount_fs                                      fs/vfs.o
vfs_open                                          fs/vfs.o
                                                  proc/process.o
vfs_read                                          fs/vfs.o
                                                  proc/process.o
                                                  proc/elf.o
vfs_remove                                        fs/vfs.o
vfs_seek                                          fs/vfs.o
                                                  proc/process.o
                                                  proc/elf.o
vfs_unmount                                       fs/vfs.o
vfs_write                                         fs/vfs.o
vm_create_pagetable                               vm/vm.o
                                                  proc/process.o
vm_destroy_pagetable                              vm/vm.o
vm_init                                           vm/vm.o
                                                  init/main.o
vm_map                                            vm/vm.o
                                                  proc/process.o
vm_set_dirty                                      vm/vm.o
                                                  proc/process.o
vm_unmap                                          vm/vm.o
vsnprintf                                         lib/xprintf.o
